vulns/gpsd/OSV-2024-828.yaml
vulns/gpsd/OSV-2024-994.yaml
vulns/gpsd/OSV-2023-721.yaml
vulns/dnsmasq/OSV-2022-145.yaml
vulns/dnsmasq/OSV-2021-925.yaml
vulns/dnsmasq/OSV-2021-933.yaml
vulns/dnsmasq/OSV-2021-932.yaml
vulns/dnsmasq/OSV-2022-324.yaml
vulns/dnsmasq/OSV-2022-312.yaml
vulns/dnsmasq/OSV-2022-572.yaml
vulns/dnsmasq/OSV-2022-12.yaml
vulns/dnsmasq/OSV-2022-6.yaml
vulns/dnsmasq/OSV-2022-11.yaml
vulns/dnsmasq/OSV-2021-924.yaml
vulns/dnsmasq/OSV-2021-934.yaml
vulns/dnsmasq/OSV-2022-10.yaml
vulns/dnsmasq/OSV-2021-1807.yaml
vulns/dnsmasq/OSV-2021-935.yaml
vulns/dnsmasq/OSV-2021-931.yaml
vulns/dnsmasq/OSV-2022-785.yaml
vulns/dnsmasq/OSV-2021-927.yaml
vulns/dnsmasq/OSV-2021-929.yaml
vulns/net-snmp/OSV-2020-384.yaml
vulns/apache-commons-configuration/OSV-2024-269.yaml
vulns/apache-commons-configuration/OSV-2022-871.yaml
vulns/apache-commons-configuration/OSV-2024-1102.yaml
vulns/xpdf/OSV-2024-963.yaml
vulns/xpdf/OSV-2024-830.yaml
vulns/xpdf/OSV-2024-326.yaml
vulns/geos/OSV-2022-861.yaml
vulns/geos/OSV-2021-998.yaml
vulns/geos/OSV-2021-1319.yaml
vulns/geos/OSV-2022-904.yaml
vulns/apache-commons-imaging/OSV-2022-1207.yaml
vulns/apache-commons-imaging/OSV-2022-1275.yaml
vulns/s2opc/OSV-2024-64.yaml
vulns/libxslt/OSV-2020-1332.yaml
vulns/libxslt/OSV-2023-242.yaml
vulns/libxslt/OSV-2020-1056.yaml
vulns/libxslt/OSV-2020-1065.yaml
vulns/libxslt/OSV-2023-181.yaml
vulns/libxslt/OSV-2020-1210.yaml
vulns/libxslt/OSV-2020-730.yaml
vulns/libxslt/OSV-2020-705.yaml
vulns/libxslt/OSV-2020-1130.yaml
vulns/libxslt/OSV-2020-1078.yaml
vulns/libxslt/OSV-2023-265.yaml
vulns/libxslt/OSV-2020-1154.yaml
vulns/qt/OSV-2021-1121.yaml
vulns/qt/OSV-2022-327.yaml
vulns/qt/OSV-2020-1671.yaml
vulns/qt/OSV-2020-902.yaml
vulns/qt/OSV-2021-1143.yaml
vulns/qt/OSV-2020-143.yaml
vulns/qt/OSV-2021-1449.yaml
vulns/qt/OSV-2020-1577.yaml
vulns/qt/OSV-2021-903.yaml
vulns/qt/OSV-2021-1477.yaml
vulns/qt/OSV-2021-235.yaml
vulns/libwebp/OSV-2025-809.yaml
vulns/libwebp/OSV-2025-825.yaml
vulns/libwebp/OSV-2024-1356.yaml
vulns/libwebp/OSV-2025-796.yaml
vulns/libwebp/OSV-2025-797.yaml
vulns/libwebp/OSV-2021-1015.yaml
vulns/libwebp/OSV-2025-808.yaml
vulns/libwebp/OSV-2021-900.yaml
vulns/libwebp/OSV-2025-855.yaml
vulns/libwebp/OSV-2025-819.yaml
vulns/dlplibs/OSV-2021-1524.yaml
vulns/dlplibs/OSV-2022-1280.yaml
vulns/dlplibs/OSV-2022-594.yaml
vulns/skia/OSV-2022-972.yaml
vulns/skia/OSV-2022-989.yaml
vulns/skia/OSV-2021-503.yaml
vulns/skia/OSV-2022-576.yaml
vulns/skia/OSV-2022-968.yaml
vulns/skia/OSV-2022-969.yaml
vulns/skia/OSV-2022-983.yaml
vulns/skia/OSV-2021-1071.yaml
vulns/skia/OSV-2022-978.yaml
vulns/skia/OSV-2021-1074.yaml
vulns/skia/OSV-2022-970.yaml
vulns/skia/OSV-2022-996.yaml
vulns/skia/OSV-2022-986.yaml
vulns/skia/OSV-2022-1001.yaml
vulns/skia/OSV-2022-976.yaml
vulns/skia/OSV-2022-981.yaml
vulns/libaom/OSV-2020-319.yaml
vulns/libaom/OSV-2024-153.yaml
vulns/libaom/OSV-2021-671.yaml
vulns/libaom/OSV-2024-151.yaml
vulns/libaom/OSV-2018-59.yaml
vulns/libaom/OSV-2018-192.yaml
vulns/libaom/OSV-2022-179.yaml
vulns/libaom/OSV-2021-670.yaml
vulns/libaom/OSV-2018-57.yaml
vulns/libaom/OSV-2024-517.yaml
vulns/libaom/OSV-2024-149.yaml
vulns/libaom/OSV-2022-180.yaml
vulns/libaom/OSV-2020-324.yaml
vulns/libaom/OSV-2022-663.yaml
vulns/apache-commons/OSV-2021-882.yaml
vulns/libxml2/OSV-2023-1315.yaml
vulns/libxml2/OSV-2022-1120.yaml
vulns/libxml2/OSV-2020-89.yaml
vulns/libxml2/OSV-2024-1209.yaml
vulns/libxml2/OSV-2024-198.yaml
vulns/libxml2/OSV-2023-196.yaml
vulns/libxml2/OSV-2023-174.yaml
vulns/libxml2/OSV-2024-634.yaml
vulns/libxml2/OSV-2023-477.yaml
vulns/libxml2/OSV-2023-215.yaml
vulns/libxml2/OSV-2024-103.yaml
vulns/libxml2/OSV-2023-213.yaml
vulns/libxml2/OSV-2023-1365.yaml
vulns/libxml2/OSV-2020-1726.yaml
vulns/libxml2/OSV-2023-990.yaml
vulns/libxml2/OSV-2024-193.yaml
vulns/libxml2/OSV-2021-777.yaml
vulns/libxml2/OSV-2023-1303.yaml
vulns/libxml2/OSV-2023-1301.yaml
vulns/libxml2/OSV-2024-82.yaml
vulns/libxml2/OSV-2023-1373.yaml
vulns/libxml2/OSV-2023-195.yaml
vulns/libxml2/OSV-2023-953.yaml
vulns/libxml2/OSV-2023-162.yaml
vulns/libxml2/OSV-2025-457.yaml
vulns/libxml2/OSV-2023-969.yaml
vulns/libxml2/OSV-2024-81.yaml
vulns/libxml2/OSV-2024-217.yaml
vulns/libxml2/OSV-2023-1000.yaml
vulns/libxml2/OSV-2022-1071.yaml
vulns/libxml2/OSV-2023-212.yaml
vulns/libxml2/OSV-2023-249.yaml
vulns/libxml2/OSV-2023-988.yaml
vulns/libxml2/OSV-2023-193.yaml
vulns/libxml2/OSV-2020-1885.yaml
vulns/libxml2/OSV-2023-199.yaml
vulns/libxml2/OSV-2020-1667.yaml
vulns/libxml2/OSV-2023-999.yaml
vulns/libxml2/OSV-2023-188.yaml
vulns/libxml2/OSV-2023-204.yaml
vulns/libxml2/OSV-2023-474.yaml
vulns/libxml2/OSV-2020-215.yaml
vulns/libxml2/OSV-2025-74.yaml
vulns/libxml2/OSV-2023-211.yaml
vulns/libxml2/OSV-2024-698.yaml
vulns/libxml2/OSV-2020-908.yaml
vulns/libxml2/OSV-2023-191.yaml
vulns/libxml2/OSV-2023-61.yaml
vulns/libxml2/OSV-2020-755.yaml
vulns/libxml2/OSV-2023-684.yaml
vulns/libxml2/OSV-2024-194.yaml
vulns/libxml2/OSV-2023-206.yaml
vulns/libxml2/OSV-2023-185.yaml
vulns/libxml2/OSV-2024-77.yaml
vulns/libxml2/OSV-2020-1623.yaml
vulns/wget/OSV-2018-273.yaml
vulns/wget/OSV-2018-457.yaml
vulns/wget/OSV-2018-280.yaml
vulns/wget/OSV-2018-369.yaml
vulns/glib/OSV-2018-136.yaml
vulns/glib/OSV-2018-212.yaml
vulns/glib/OSV-2018-213.yaml
vulns/glib/OSV-2020-831.yaml
vulns/glib/OSV-2020-743.yaml
vulns/glib/OSV-2018-216.yaml
vulns/glib/OSV-2020-2253.yaml
vulns/glib/OSV-2018-22.yaml
vulns/glib/OSV-2018-228.yaml
vulns/glib/OSV-2018-10.yaml
vulns/glib/OSV-2020-669.yaml
vulns/glib/OSV-2018-79.yaml
vulns/glib/OSV-2020-741.yaml
vulns/qemu/OSV-2020-2101.yaml
vulns/qemu/OSV-2020-2161.yaml
vulns/qemu/OSV-2021-710.yaml
vulns/qemu/OSV-2021-820.yaml
vulns/qemu/OSV-2023-101.yaml
vulns/qemu/OSV-2021-532.yaml
vulns/qemu/OSV-2021-578.yaml
vulns/qemu/OSV-2022-1164.yaml
vulns/qemu/OSV-2020-2223.yaml
vulns/qemu/OSV-2022-581.yaml
vulns/qemu/OSV-2021-617.yaml
vulns/qemu/OSV-2021-8.yaml
vulns/qemu/OSV-2023-390.yaml
vulns/qemu/OSV-2021-276.yaml
vulns/postgis/OSV-2020-718.yaml
vulns/postgis/OSV-2020-540.yaml
vulns/libtiff/OSV-2020-1306.yaml
vulns/libtiff/OSV-2020-1232.yaml
vulns/jbig2dec/OSV-2020-11.yaml
vulns/jbig2dec/OSV-2020-95.yaml
vulns/jbig2dec/OSV-2020-161.yaml
vulns/jbig2dec/OSV-2020-82.yaml
vulns/jbig2dec/OSV-2020-197.yaml
vulns/jbig2dec/OSV-2020-822.yaml
vulns/jbig2dec/OSV-2020-77.yaml
vulns/jbig2dec/OSV-2020-1240.yaml
vulns/binutils/OSV-2023-1320.yaml
vulns/binutils/OSV-2023-311.yaml
vulns/binutils/OSV-2023-418.yaml
vulns/binutils/OSV-2023-279.yaml
vulns/binutils/OSV-2022-183.yaml
vulns/binutils/OSV-2023-1298.yaml
vulns/mupdf/OSV-2018-388.yaml
vulns/mupdf/OSV-2018-245.yaml
vulns/mupdf/OSV-2018-414.yaml
vulns/mupdf/OSV-2018-233.yaml
vulns/mupdf/OSV-2018-332.yaml
vulns/mupdf/OSV-2021-212.yaml
vulns/mupdf/OSV-2018-237.yaml
vulns/mupdf/OSV-2018-446.yaml
vulns/mupdf/OSV-2018-252.yaml
vulns/mupdf/OSV-2018-300.yaml
vulns/mupdf/OSV-2018-301.yaml
vulns/mupdf/OSV-2018-247.yaml
vulns/mupdf/OSV-2018-413.yaml
vulns/mupdf/OSV-2018-451.yaml
vulns/mupdf/OSV-2018-428.yaml
vulns/mupdf/OSV-2018-284.yaml
vulns/mupdf/OSV-2018-291.yaml
vulns/mupdf/OSV-2018-384.yaml
vulns/mupdf/OSV-2018-459.yaml
vulns/mupdf/OSV-2018-368.yaml
vulns/mupdf/OSV-2018-408.yaml
vulns/mupdf/OSV-2018-310.yaml
vulns/mupdf/OSV-2018-422.yaml
vulns/mupdf/OSV-2018-347.yaml
vulns/mupdf/OSV-2018-279.yaml
vulns/mupdf/OSV-2018-358.yaml
vulns/mupdf/OSV-2018-293.yaml
vulns/mupdf/OSV-2018-274.yaml
vulns/mupdf/OSV-2018-362.yaml
vulns/mupdf/OSV-2018-255.yaml
vulns/mupdf/OSV-2018-367.yaml
vulns/mupdf/OSV-2018-426.yaml
vulns/mupdf/OSV-2018-448.yaml
vulns/mupdf/OSV-2018-454.yaml
vulns/mupdf/OSV-2018-441.yaml
vulns/mupdf/OSV-2018-288.yaml
vulns/mupdf/OSV-2018-256.yaml
vulns/spice-usbredir/OSV-2021-1102.yaml
vulns/wget2/OSV-2020-408.yaml
vulns/wget2/OSV-2020-334.yaml
vulns/wget2/OSV-2020-567.yaml
vulns/wget2/OSV-2020-1083.yaml
vulns/wget2/OSV-2020-486.yaml
vulns/wget2/OSV-2018-137.yaml
vulns/matio/OSV-2021-440.yaml
vulns/matio/OSV-2021-367.yaml
vulns/matio/OSV-2020-796.yaml
vulns/matio/OSV-2020-813.yaml
vulns/matio/OSV-2020-842.yaml
vulns/matio/OSV-2020-857.yaml
vulns/matio/OSV-2021-141.yaml
vulns/matio/OSV-2021-169.yaml
vulns/matio/OSV-2020-836.yaml
vulns/matio/OSV-2021-218.yaml
vulns/matio/OSV-2021-162.yaml
vulns/matio/OSV-2021-789.yaml
vulns/matio/OSV-2020-727.yaml
vulns/matio/OSV-2021-145.yaml
vulns/matio/OSV-2021-363.yaml
vulns/matio/OSV-2021-219.yaml
vulns/matio/OSV-2021-1150.yaml
vulns/matio/OSV-2020-1489.yaml
vulns/matio/OSV-2021-278.yaml
vulns/matio/OSV-2020-835.yaml
vulns/matio/OSV-2020-852.yaml
vulns/matio/OSV-2020-2301.yaml
vulns/matio/OSV-2021-1262.yaml
vulns/matio/OSV-2020-427.yaml
vulns/matio/OSV-2020-2138.yaml
vulns/matio/OSV-2021-1197.yaml
vulns/matio/OSV-2020-786.yaml
vulns/matio/OSV-2020-858.yaml
vulns/matio/OSV-2020-1209.yaml
vulns/matio/OSV-2021-64.yaml
vulns/matio/OSV-2020-871.yaml
vulns/matio/OSV-2020-851.yaml
vulns/matio/OSV-2020-864.yaml
vulns/matio/OSV-2020-782.yaml
vulns/matio/OSV-2020-2168.yaml
vulns/matio/OSV-2021-175.yaml
vulns/matio/OSV-2021-184.yaml
vulns/matio/OSV-2020-859.yaml
vulns/matio/OSV-2020-805.yaml
vulns/matio/OSV-2020-491.yaml
vulns/matio/OSV-2021-60.yaml
vulns/matio/OSV-2020-799.yaml
vulns/matio/OSV-2021-1580.yaml
vulns/matio/OSV-2020-2300.yaml
vulns/matio/OSV-2020-526.yaml
vulns/matio/OSV-2020-877.yaml
vulns/apache-commons-codec/OSV-2023-1195.yaml
vulns/apache-commons-codec/OSV-2024-349.yaml
vulns/hostap/OSV-2020-1946.yaml
vulns/hostap/OSV-2020-2134.yaml
vulns/hostap/OSV-2020-1902.yaml
vulns/hostap/OSV-2020-58.yaml
vulns/hostap/OSV-2020-132.yaml
vulns/libmpeg2/OSV-2020-934.yaml
vulns/libmpeg2/OSV-2020-1142.yaml
vulns/libmpeg2/OSV-2020-1299.yaml
vulns/libmpeg2/OSV-2020-1180.yaml
vulns/libmpeg2/OSV-2020-1081.yaml
vulns/libmpeg2/OSV-2020-1161.yaml
vulns/libidn2/OSV-2020-417.yaml
vulns/libidn2/OSV-2020-480.yaml
vulns/libspectre/OSV-2020-1175.yaml
vulns/libspectre/OSV-2020-1221.yaml
vulns/libspectre/OSV-2020-941.yaml
vulns/libspectre/OSV-2020-1173.yaml
vulns/libspectre/OSV-2020-1273.yaml
vulns/wireshark/OSV-2020-651.yaml
vulns/wireshark/OSV-2022-770.yaml
vulns/wireshark/OSV-2020-256.yaml
vulns/wireshark/OSV-2022-1111.yaml
vulns/wireshark/OSV-2023-251.yaml
vulns/wireshark/OSV-2018-303.yaml
vulns/wireshark/OSV-2024-178.yaml
vulns/wireshark/OSV-2022-1114.yaml
vulns/wireshark/OSV-2023-391.yaml
vulns/wireshark/OSV-2020-2129.yaml
vulns/wireshark/OSV-2023-175.yaml
vulns/wireshark/OSV-2023-422.yaml
vulns/wireshark/OSV-2020-189.yaml
vulns/wireshark/OSV-2021-269.yaml
vulns/wireshark/OSV-2022-867.yaml
vulns/wireshark/OSV-2020-557.yaml
vulns/wireshark/OSV-2020-629.yaml
vulns/wireshark/OSV-2021-423.yaml
vulns/wireshark/OSV-2020-365.yaml
vulns/wireshark/OSV-2022-432.yaml
vulns/wireshark/OSV-2022-1079.yaml
vulns/wireshark/OSV-2021-940.yaml
vulns/wireshark/OSV-2022-1112.yaml
vulns/wireshark/OSV-2020-570.yaml
vulns/wireshark/OSV-2018-182.yaml
vulns/wireshark/OSV-2023-420.yaml
vulns/wireshark/OSV-2020-374.yaml
vulns/wireshark/OSV-2023-1184.yaml
vulns/wireshark/OSV-2020-62.yaml
vulns/wireshark/OSV-2020-662.yaml
vulns/wireshark/OSV-2017-120.yaml
vulns/wireshark/OSV-2021-430.yaml
vulns/wireshark/OSV-2020-2227.yaml
vulns/wireshark/OSV-2023-1203.yaml
vulns/wireshark/OSV-2021-850.yaml
vulns/wireshark/OSV-2017-144.yaml
vulns/perfetto/OSV-2020-658.yaml
vulns/perfetto/OSV-2023-72.yaml
vulns/perfetto/OSV-2022-943.yaml
vulns/perfetto/OSV-2022-331.yaml
vulns/perfetto/OSV-2020-589.yaml
vulns/perfetto/OSV-2022-854.yaml
vulns/perfetto/OSV-2020-2273.yaml
vulns/perfetto/OSV-2020-449.yaml
vulns/perfetto/OSV-2021-781.yaml
vulns/perfetto/OSV-2020-653.yaml
vulns/perfetto/OSV-2020-65.yaml
vulns/perfetto/OSV-2021-801.yaml
vulns/perfetto/OSV-2021-1605.yaml
vulns/perfetto/OSV-2020-769.yaml
vulns/perfetto/OSV-2020-657.yaml
vulns/perfetto/OSV-2021-776.yaml
vulns/perfetto/OSV-2021-791.yaml
vulns/perfetto/OSV-2022-531.yaml
vulns/perfetto/OSV-2020-518.yaml
vulns/perfetto/OSV-2020-376.yaml
vulns/perfetto/OSV-2020-240.yaml
vulns/cairo/OSV-2023-298.yaml
vulns/libssh/OSV-2021-892.yaml
vulns/libtsm/OSV-2024-777.yaml
vulns/libtsm/OSV-2016-5.yaml
vulns/libtsm/OSV-2017-161.yaml
vulns/libtsm/OSV-2021-289.yaml
vulns/libtsm/OSV-2020-1448.yaml
vulns/libtsm/OSV-2021-1373.yaml
vulns/libtsm/OSV-2016-4.yaml
vulns/libtsm/OSV-2017-121.yaml
vulns/libtsm/OSV-2017-157.yaml
vulns/libtsm/OSV-2017-167.yaml
vulns/libtsm/OSV-2017-126.yaml
vulns/tremor/OSV-2020-15.yaml
vulns/tremor/OSV-2020-113.yaml
vulns/tremor/OSV-2020-211.yaml
vulns/karchive/OSV-2022-1174.yaml
vulns/karchive/OSV-2025-258.yaml
vulns/tpm2/OSV-2020-1507.yaml
vulns/gstreamer/OSV-2018-42.yaml
vulns/gstreamer/OSV-2022-1089.yaml
vulns/gstreamer/OSV-2017-24.yaml
vulns/gstreamer/OSV-2022-1168.yaml
vulns/gstreamer/OSV-2023-862.yaml
vulns/gstreamer/OSV-2018-36.yaml
vulns/skcms/OSV-2021-591.yaml
vulns/skcms/OSV-2021-597.yaml
vulns/cryptsetup/OSV-2022-1265.yaml
vulns/re2/OSV-2021-921.yaml
vulns/ghostscript/OSV-2022-1063.yaml
vulns/ghostscript/OSV-2022-422.yaml
vulns/ghostscript/OSV-2022-821.yaml
vulns/ghostscript/OSV-2022-453.yaml
vulns/ghostscript/OSV-2021-312.yaml
vulns/ghostscript/OSV-2022-1131.yaml
vulns/ghostscript/OSV-2021-1689.yaml
vulns/ghostscript/OSV-2022-18.yaml
vulns/ghostscript/OSV-2021-1715.yaml
vulns/ghostscript/OSV-2022-79.yaml
vulns/ghostscript/OSV-2020-1872.yaml
vulns/ghostscript/OSV-2020-1880.yaml
vulns/ghostscript/OSV-2021-1740.yaml
vulns/ghostscript/OSV-2022-538.yaml
vulns/ghostscript/OSV-2024-403.yaml
vulns/ghostscript/OSV-2023-510.yaml
vulns/ghostscript/OSV-2022-724.yaml
vulns/ghostscript/OSV-2021-1684.yaml
vulns/ghostscript/OSV-2023-297.yaml
vulns/ghostscript/OSV-2024-577.yaml
vulns/ghostscript/OSV-2020-1876.yaml
vulns/ghostscript/OSV-2021-1708.yaml
vulns/ghostscript/OSV-2021-1692.yaml
vulns/ghostscript/OSV-2021-1743.yaml
vulns/ghostscript/OSV-2023-527.yaml
vulns/ghostscript/OSV-2022-1225.yaml
vulns/ghostscript/OSV-2022-232.yaml
vulns/ghostscript/OSV-2021-803.yaml
vulns/ghostscript/OSV-2024-179.yaml
vulns/ghostscript/OSV-2024-853.yaml
vulns/ghostscript/OSV-2021-1771.yaml
vulns/ghostscript/OSV-2022-149.yaml
vulns/ghostscript/OSV-2020-1879.yaml
vulns/ghostscript/OSV-2021-717.yaml
vulns/ghostscript/OSV-2021-1081.yaml
vulns/ghostscript/OSV-2020-1869.yaml
vulns/ghostscript/OSV-2022-1085.yaml
vulns/ghostscript/OSV-2021-1724.yaml
vulns/ghostscript/OSV-2021-1763.yaml
vulns/ghostscript/OSV-2022-496.yaml
vulns/ghostscript/OSV-2022-710.yaml
vulns/ghostscript/OSV-2022-524.yaml
vulns/ghostscript/OSV-2023-88.yaml
vulns/ghostscript/OSV-2022-1121.yaml
vulns/ghostscript/OSV-2021-1741.yaml
vulns/ghostscript/OSV-2022-855.yaml
vulns/ghostscript/OSV-2024-1042.yaml
vulns/ghostscript/OSV-2022-1143.yaml
vulns/ghostscript/OSV-2022-757.yaml
vulns/ghostscript/OSV-2022-351.yaml
vulns/ghostscript/OSV-2022-81.yaml
vulns/ghostscript/OSV-2022-684.yaml
vulns/ghostscript/OSV-2022-1.yaml
vulns/ghostscript/OSV-2022-1214.yaml
vulns/ghostscript/OSV-2022-177.yaml
vulns/ghostscript/OSV-2025-177.yaml
vulns/ghostscript/OSV-2022-85.yaml
vulns/ghostscript/OSV-2024-251.yaml
vulns/ghostscript/OSV-2021-668.yaml
vulns/ghostscript/OSV-2022-829.yaml
vulns/ghostscript/OSV-2024-728.yaml
vulns/ghostscript/OSV-2021-1754.yaml
vulns/ghostscript/OSV-2022-755.yaml
vulns/ghostscript/OSV-2020-1886.yaml
vulns/ghostscript/OSV-2022-522.yaml
vulns/ghostscript/OSV-2020-1878.yaml
vulns/ghostscript/OSV-2021-1688.yaml
vulns/ghostscript/OSV-2021-1753.yaml
vulns/ghostscript/OSV-2022-271.yaml
vulns/ghostscript/OSV-2024-493.yaml
vulns/ghostscript/OSV-2022-210.yaml
vulns/ghostscript/OSV-2021-1781.yaml
vulns/ghostscript/OSV-2022-102.yaml
vulns/ghostscript/OSV-2022-218.yaml
vulns/ghostscript/OSV-2023-470.yaml
vulns/ghostscript/OSV-2022-797.yaml
vulns/ghostscript/OSV-2021-1690.yaml
vulns/ghostscript/OSV-2020-1882.yaml
vulns/ghostscript/OSV-2022-354.yaml
vulns/ghostscript/OSV-2021-1764.yaml
vulns/ghostscript/OSV-2022-301.yaml
vulns/ghostscript/OSV-2022-643.yaml
vulns/ghostscript/OSV-2021-1731.yaml
vulns/ghostscript/OSV-2022-390.yaml
vulns/ghostscript/OSV-2021-1770.yaml
vulns/ghostscript/OSV-2022-805.yaml
vulns/ghostscript/OSV-2021-1694.yaml
vulns/ghostscript/OSV-2020-1870.yaml
vulns/ghostscript/OSV-2024-294.yaml
vulns/ghostscript/OSV-2021-337.yaml
vulns/ghostscript/OSV-2021-1772.yaml
vulns/ghostscript/OSV-2024-983.yaml
vulns/ghostscript/OSV-2021-1795.yaml
vulns/ghostscript/OSV-2022-662.yaml
vulns/ghostscript/OSV-2022-719.yaml
vulns/ghostscript/OSV-2022-415.yaml
vulns/ghostscript/OSV-2024-495.yaml
vulns/ghostscript/OSV-2021-1806.yaml
vulns/ghostscript/OSV-2021-1693.yaml
vulns/ghostscript/OSV-2021-1717.yaml
vulns/ghostscript/OSV-2024-1036.yaml
vulns/ghostscript/OSV-2022-456.yaml
vulns/ghostscript/OSV-2021-1697.yaml
vulns/ghostscript/OSV-2022-640.yaml
vulns/ghostscript/OSV-2022-751.yaml
vulns/ghostscript/OSV-2021-1803.yaml
vulns/ghostscript/OSV-2022-100.yaml
vulns/ghostscript/OSV-2021-1683.yaml
vulns/ghostscript/OSV-2022-83.yaml
vulns/ghostscript/OSV-2022-73.yaml
vulns/ghostscript/OSV-2022-53.yaml
vulns/ghostscript/OSV-2024-833.yaml
vulns/ghostscript/OSV-2022-926.yaml
vulns/ghostscript/OSV-2022-655.yaml
vulns/ghostscript/OSV-2022-278.yaml
vulns/ghostscript/OSV-2021-1709.yaml
vulns/ghostscript/OSV-2021-1711.yaml
vulns/ghostscript/OSV-2021-1698.yaml
vulns/ghostscript/OSV-2022-47.yaml
vulns/ghostscript/OSV-2023-353.yaml
vulns/ghostscript/OSV-2021-1706.yaml
vulns/ghostscript/OSV-2021-1802.yaml
vulns/ghostscript/OSV-2023-1079.yaml
vulns/ghostscript/OSV-2021-1788.yaml
vulns/ghostscript/OSV-2021-1723.yaml
vulns/ghostscript/OSV-2024-861.yaml
vulns/ghostscript/OSV-2022-1178.yaml
vulns/ghostscript/OSV-2022-3.yaml
vulns/ghostscript/OSV-2022-866.yaml
vulns/ghostscript/OSV-2022-417.yaml
vulns/ghostscript/OSV-2024-80.yaml
vulns/ghostscript/OSV-2020-1883.yaml
vulns/ghostscript/OSV-2022-818.yaml
vulns/ghostscript/OSV-2022-736.yaml
vulns/ghostscript/OSV-2021-237.yaml
vulns/ghostscript/OSV-2021-1681.yaml
vulns/ghostscript/OSV-2023-142.yaml
vulns/ghostscript/OSV-2022-888.yaml
vulns/ghostscript/OSV-2021-1703.yaml
vulns/ghostscript/OSV-2022-1021.yaml
vulns/ghostscript/OSV-2022-339.yaml
vulns/ghostscript/OSV-2022-523.yaml
vulns/ghostscript/OSV-2020-1871.yaml
vulns/ghostscript/OSV-2022-1194.yaml
vulns/ghostscript/OSV-2020-1712.yaml
vulns/ghostscript/OSV-2021-1704.yaml
vulns/ghostscript/OSV-2023-1008.yaml
vulns/ghostscript/OSV-2022-199.yaml
vulns/ghostscript/OSV-2022-1148.yaml
vulns/ghostscript/OSV-2021-1719.yaml
vulns/ghostscript/OSV-2024-1059.yaml
vulns/ghostscript/OSV-2022-429.yaml
vulns/ghostscript/OSV-2021-1767.yaml
vulns/ghostscript/OSV-2022-507.yaml
vulns/ghostscript/OSV-2023-34.yaml
vulns/ghostscript/OSV-2022-803.yaml
vulns/ghostscript/OSV-2021-1707.yaml
vulns/ghostscript/OSV-2023-528.yaml
vulns/ghostscript/OSV-2025-174.yaml
vulns/ghostscript/OSV-2020-1873.yaml
vulns/ghostscript/OSV-2022-727.yaml
vulns/ghostscript/OSV-2025-175.yaml
vulns/ghostscript/OSV-2022-536.yaml
vulns/ghostscript/OSV-2024-503.yaml
vulns/ghostscript/OSV-2024-1251.yaml
vulns/ghostscript/OSV-2022-270.yaml
vulns/ghostscript/OSV-2022-449.yaml
vulns/ghostscript/OSV-2025-63.yaml
vulns/ghostscript/OSV-2020-1875.yaml
vulns/ghostscript/OSV-2021-1687.yaml
vulns/ghostscript/OSV-2022-686.yaml
vulns/ghostscript/OSV-2021-1686.yaml
vulns/ghostscript/OSV-2021-1752.yaml
vulns/ghostscript/OSV-2020-1874.yaml
vulns/ghostscript/OSV-2022-206.yaml
vulns/ghostscript/OSV-2022-121.yaml
vulns/ghostscript/OSV-2022-949.yaml
vulns/ghostscript/OSV-2020-1877.yaml
vulns/ghostscript/OSV-2023-970.yaml
vulns/ghostscript/OSV-2022-1208.yaml
vulns/ghostscript/OSV-2021-1774.yaml
vulns/ghostscript/OSV-2022-772.yaml
vulns/ghostscript/OSV-2022-1229.yaml
vulns/ghostscript/OSV-2022-97.yaml
vulns/ghostscript/OSV-2021-1682.yaml
vulns/ghostscript/OSV-2025-173.yaml
vulns/ghostscript/OSV-2024-496.yaml
vulns/ghostscript/OSV-2022-726.yaml
vulns/ghostscript/OSV-2022-744.yaml
vulns/ghostscript/OSV-2024-677.yaml
vulns/ghostscript/OSV-2024-1041.yaml
vulns/ghostscript/OSV-2022-54.yaml
vulns/ghostscript/OSV-2022-229.yaml
vulns/ghostscript/OSV-2023-285.yaml
vulns/ghostscript/OSV-2021-1685.yaml
vulns/ghostscript/OSV-2022-1097.yaml
vulns/ghostscript/OSV-2024-1391.yaml
vulns/kimageformats/OSV-2021-1475.yaml
vulns/kimageformats/OSV-2022-319.yaml
vulns/kimageformats/OSV-2021-451.yaml
vulns/kimageformats/OSV-2021-500.yaml
vulns/kimageformats/OSV-2021-467.yaml
vulns/kimageformats/OSV-2021-695.yaml
vulns/kimageformats/OSV-2020-889.yaml
vulns/kimageformats/OSV-2023-769.yaml
vulns/kimageformats/OSV-2022-644.yaml
vulns/kimageformats/OSV-2025-256.yaml
vulns/kimageformats/OSV-2022-1141.yaml
vulns/kimageformats/OSV-2022-1122.yaml
vulns/kimageformats/OSV-2024-679.yaml
vulns/kimageformats/OSV-2022-1018.yaml
vulns/kimageformats/OSV-2022-1292.yaml
vulns/kimageformats/OSV-2022-1104.yaml
vulns/kimageformats/OSV-2022-934.yaml
vulns/kimageformats/OSV-2023-800.yaml
vulns/kimageformats/OSV-2023-797.yaml
vulns/kimageformats/OSV-2023-55.yaml
vulns/kimageformats/OSV-2021-460.yaml
vulns/kimageformats/OSV-2021-735.yaml
vulns/kimageformats/OSV-2022-1262.yaml
vulns/kimageformats/OSV-2021-972.yaml
vulns/kimageformats/OSV-2020-868.yaml
vulns/kimageformats/OSV-2020-876.yaml
vulns/kimageformats/OSV-2020-2086.yaml
vulns/kimageformats/OSV-2022-1003.yaml
vulns/kimageformats/OSV-2021-948.yaml
vulns/kimageformats/OSV-2021-525.yaml
vulns/kimageformats/OSV-2021-459.yaml
vulns/kimageformats/OSV-2023-257.yaml
vulns/kimageformats/OSV-2023-709.yaml
vulns/kimageformats/OSV-2021-458.yaml
vulns/kimageformats/OSV-2021-586.yaml
vulns/libavc/OSV-2020-278.yaml
vulns/libavc/OSV-2021-1235.yaml
vulns/libavc/OSV-2020-370.yaml
vulns/libavc/OSV-2021-380.yaml
vulns/libavc/OSV-2021-1237.yaml
vulns/libavc/OSV-2020-2212.yaml
vulns/libavc/OSV-2020-1030.yaml
vulns/libavc/OSV-2021-1559.yaml
vulns/libavc/OSV-2020-546.yaml
vulns/libavc/OSV-2021-631.yaml
vulns/libavc/OSV-2020-1242.yaml
vulns/libavc/OSV-2020-2188.yaml
vulns/libavc/OSV-2021-504.yaml
vulns/libavc/OSV-2020-1153.yaml
vulns/libhevc/OSV-2020-257.yaml
vulns/libhevc/OSV-2020-294.yaml
vulns/libhevc/OSV-2020-1137.yaml
vulns/libhevc/OSV-2020-1008.yaml
vulns/libhevc/OSV-2020-1300.yaml
vulns/libhevc/OSV-2020-674.yaml
vulns/libhevc/OSV-2020-1005.yaml
vulns/libhevc/OSV-2020-1326.yaml
vulns/libhevc/OSV-2020-1234.yaml
vulns/libhevc/OSV-2020-564.yaml
vulns/libhevc/OSV-2020-699.yaml
vulns/libhevc/OSV-2020-1010.yaml
vulns/libhevc/OSV-2020-792.yaml
vulns/libhevc/OSV-2020-1145.yaml
vulns/libhevc/OSV-2020-1211.yaml
vulns/libhevc/OSV-2020-398.yaml
vulns/libhevc/OSV-2020-1285.yaml
vulns/libhevc/OSV-2020-585.yaml
vulns/libhevc/OSV-2020-425.yaml
vulns/libhevc/OSV-2020-631.yaml
vulns/libhevc/OSV-2020-1216.yaml
vulns/libhevc/OSV-2020-364.yaml
vulns/libhevc/OSV-2020-1062.yaml
vulns/libhevc/OSV-2020-942.yaml
vulns/gnutls/OSV-2017-72.yaml
vulns/gnutls/OSV-2018-186.yaml
vulns/gnutls/OSV-2017-62.yaml
vulns/gnutls/OSV-2018-188.yaml
vulns/gnutls/OSV-2021-147.yaml
vulns/gnutls/OSV-2018-196.yaml
vulns/gnutls/OSV-2020-72.yaml
vulns/gnutls/OSV-2017-138.yaml
vulns/gnutls/OSV-2018-72.yaml
vulns/gnutls/OSV-2018-92.yaml
vulns/gnutls/OSV-2018-121.yaml
vulns/gnutls/OSV-2018-122.yaml
vulns/boringssl/OSV-2018-206.yaml
vulns/boringssl/OSV-2024-432.yaml
vulns/boringssl/OSV-2023-41.yaml
vulns/boringssl/OSV-2024-430.yaml
vulns/boringssl/OSV-2018-13.yaml
vulns/boringssl/OSV-2024-417.yaml
vulns/poppler/OSV-2024-345.yaml
vulns/poppler/OSV-2023-728.yaml
vulns/poppler/OSV-2018-200.yaml
vulns/poppler/OSV-2021-41.yaml
vulns/poppler/OSV-2020-1278.yaml
vulns/poppler/OSV-2020-173.yaml
vulns/poppler/OSV-2020-1664.yaml
vulns/poppler/OSV-2021-1258.yaml
vulns/poppler/OSV-2020-2165.yaml
vulns/poppler/OSV-2020-2303.yaml
vulns/poppler/OSV-2021-1250.yaml
vulns/poppler/OSV-2020-1158.yaml
vulns/poppler/OSV-2021-389.yaml
vulns/poppler/OSV-2023-495.yaml
vulns/poppler/OSV-2020-713.yaml
vulns/poppler/OSV-2023-1016.yaml
vulns/poppler/OSV-2020-794.yaml
vulns/poppler/OSV-2018-17.yaml
vulns/poppler/OSV-2021-813.yaml
vulns/poppler/OSV-2018-154.yaml
vulns/poppler/OSV-2020-1340.yaml
vulns/poppler/OSV-2020-1264.yaml
vulns/poppler/OSV-2024-1062.yaml
vulns/poppler/OSV-2021-607.yaml
vulns/poppler/OSV-2020-111.yaml
vulns/https:/chromium.googlesource.com/webm/libwebp/OSV-2025-631.yaml
vulns/https:/chromium.googlesource.com/webm/libwebp/OSV-2025-634.yaml
vulns/https:/chromium.googlesource.com/webm/libwebp/OSV-2025-628.yaml
vulns/https:/chromium.googlesource.com/webm/libwebp/OSV-2025-627.yaml
vulns/https:/invent.kde.org/frameworks/kimageformats.git/OSV-2025-684.yaml
vulns/https:/invent.kde.org/frameworks/kimageformats.git/OSV-2025-677.yaml
vulns/https:/gitlab.com/wireshark/wireshark.git/OSV-2023-152.yaml
vulns/https:/gitlab.com/wireshark/wireshark.git/OSV-2025-371.yaml
vulns/https:/code.videolan.org/videolan/vlc.git/OSV-2025-613.yaml
vulns/https:/code.videolan.org/videolan/vlc.git/OSV-2025-619.yaml
vulns/https:/code.videolan.org/videolan/vlc.git/OSV-2025-614.yaml
vulns/https:/code.videolan.org/videolan/vlc.git/OSV-2025-617.yaml
vulns/https:/code.videolan.org/videolan/vlc.git/OSV-2025-615.yaml
vulns/https:/code.videolan.org/videolan/vlc.git/OSV-2025-620.yaml
vulns/https:/code.videolan.org/videolan/vlc.git/OSV-2025-618.yaml
vulns/https:/code.videolan.org/videolan/vlc.git/OSV-2025-616.yaml
vulns/https:/code.videolan.org/videolan/vlc.git/OSV-2025-622.yaml
vulns/dav1d/OSV-2021-1205.yaml
vulns/dav1d/OSV-2018-31.yaml
vulns/dav1d/OSV-2021-1231.yaml
vulns/dav1d/OSV-2018-165.yaml
vulns/dav1d/OSV-2018-113.yaml
vulns/dav1d/OSV-2020-137.yaml
vulns/dav1d/OSV-2018-85.yaml
vulns/dav1d/OSV-2020-303.yaml
vulns/dav1d/OSV-2018-128.yaml
vulns/dav1d/OSV-2018-123.yaml
vulns/dav1d/OSV-2023-303.yaml
vulns/dav1d/OSV-2022-674.yaml
vulns/dav1d/OSV-2021-1228.yaml
vulns/libvpx/OSV-2022-533.yaml
vulns/libvpx/OSV-2024-471.yaml
vulns/libvpx/OSV-2022-529.yaml
vulns/libvpx/OSV-2020-1035.yaml
vulns/libvpx/OSV-2022-543.yaml
vulns/kcodecs/OSV-2020-1051.yaml
vulns/kcodecs/OSV-2020-1185.yaml
vulns/cras/OSV-2022-696.yaml
vulns/cras/OSV-2020-891.yaml
vulns/cras/OSV-2020-948.yaml
vulns/cras/OSV-2022-611.yaml
vulns/cras/OSV-2020-2112.yaml
vulns/cras/OSV-2022-808.yaml
vulns/cras/OSV-2020-940.yaml
vulns/cras/OSV-2023-779.yaml
vulns/cras/OSV-2023-506.yaml
vulns/cras/OSV-2018-145.yaml
vulns/cras/OSV-2024-79.yaml
vulns/cras/OSV-2020-757.yaml
vulns/cras/OSV-2024-434.yaml
vulns/cras/OSV-2020-981.yaml
vulns/cras/OSV-2020-715.yaml
vulns/librsvg/OSV-2025-202.yaml
vulns/gnupg/OSV-2020-568.yaml
